// Jest Snapshot v1, https://goo.gl/fbAQLP

exports[`StyleSheetParser should parse stylesheet 1`] = `
{
  "ast": {
    "children": [
      {
        "prop": {
          "name": "display",
          "type": "Identifier",
        },
        "type": "LocalStyle",
        "values": {
          "type": "Values",
          "values": [
            {
              "type": "Value",
              "value": "flex",
            },
          ],
        },
      },
      {
        "block": {
          "body": [
            {
              "prop": {
                "name": "color",
                "type": "Identifier",
              },
              "type": "LocalStyle",
              "values": {
                "type": "Values",
                "values": [
                  {
                    "type": "Value",
                    "value": "red",
                  },
                ],
              },
            },
            {
              "block": {
                "body": [
                  {
                    "prop": {
                      "name": "color",
                      "type": "Identifier",
                    },
                    "type": "LocalStyle",
                    "values": {
                      "type": "Values",
                      "values": [
                        {
                          "type": "Value",
                          "value": "black",
                        },
                      ],
                    },
                  },
                ],
                "type": "Block",
              },
              "selector": {
                "type": "Selector",
                "value": ".inner",
              },
              "type": "NestedStyle",
            },
          ],
          "type": "Block",
        },
        "selector": {
          "type": "Selector",
          "value": "&:hover",
        },
        "type": "NestedStyle",
      },
      {
        "block": {
          "body": [
            {
              "prop": {
                "name": "color",
                "type": "Identifier",
              },
              "type": "LocalStyle",
              "values": {
                "type": "Values",
                "values": [
                  {
                    "type": "Value",
                    "value": "blue",
                  },
                ],
              },
            },
            {
              "block": {
                "body": [
                  {
                    "prop": {
                      "name": "color",
                      "type": "Identifier",
                    },
                    "type": "LocalStyle",
                    "values": {
                      "type": "Values",
                      "values": [
                        {
                          "type": "Value",
                          "value": "green",
                        },
                      ],
                    },
                  },
                ],
                "type": "Block",
              },
              "selector": {
                "type": "Selector",
                "value": ".inner",
              },
              "type": "NestedStyle",
            },
          ],
          "type": "Block",
        },
        "selector": {
          "type": "Selector",
          "value": ".wrapper",
        },
        "type": "NestedStyle",
      },
      {
        "block": {
          "body": [
            {
              "prop": {
                "name": "display",
                "type": "Identifier",
              },
              "type": "LocalStyle",
              "values": {
                "type": "Values",
                "values": [
                  {
                    "type": "Value",
                    "value": "inline-flex",
                  },
                ],
              },
            },
            {
              "block": {
                "body": [
                  {
                    "prop": {
                      "name": "color",
                      "type": "Identifier",
                    },
                    "type": "LocalStyle",
                    "values": {
                      "type": "Values",
                      "values": [
                        {
                          "type": "Value",
                          "value": "yellow",
                        },
                      ],
                    },
                  },
                ],
                "type": "Block",
              },
              "selector": {
                "type": "Selector",
                "value": ".inner",
              },
              "type": "NestedStyle",
            },
          ],
          "type": "Block",
        },
        "condition": {
          "name": {
            "name": "max-width",
            "type": "Identifier",
          },
          "type": "MediaCondition",
          "value": {
            "name": "200px",
            "type": "Identifier",
          },
        },
        "type": "Media",
      },
      {
        "block": {
          "body": [
            {
              "block": {
                "body": [
                  {
                    "prop": {
                      "name": "color",
                      "type": "Identifier",
                    },
                    "type": "LocalStyle",
                    "values": {
                      "type": "Values",
                      "values": [
                        {
                          "type": "Value",
                          "value": "yellow",
                        },
                      ],
                    },
                  },
                ],
                "type": "Block",
              },
              "selector": {
                "type": "Selector",
                "value": "from",
              },
              "type": "NestedStyle",
            },
            {
              "block": {
                "body": [
                  {
                    "prop": {
                      "name": "color",
                      "type": "Identifier",
                    },
                    "type": "LocalStyle",
                    "values": {
                      "type": "Values",
                      "values": [
                        {
                          "type": "Value",
                          "value": "black",
                        },
                      ],
                    },
                  },
                ],
                "type": "Block",
              },
              "selector": {
                "type": "Selector",
                "value": "50%",
              },
              "type": "NestedStyle",
            },
            {
              "block": {
                "body": [
                  {
                    "prop": {
                      "name": "color",
                      "type": "Identifier",
                    },
                    "type": "LocalStyle",
                    "values": {
                      "type": "Values",
                      "values": [
                        {
                          "type": "Value",
                          "value": "red",
                        },
                      ],
                    },
                  },
                ],
                "type": "Block",
              },
              "selector": {
                "type": "Selector",
                "value": "to",
              },
              "type": "NestedStyle",
            },
          ],
          "type": "Block",
        },
        "name": {
          "name": "colors",
          "type": "Identifier",
        },
        "type": "Keyframe",
      },
    ],
    "type": "StyleSheet",
  },
  "remaining": "
    ",
}
`;
